// Jest Snapshot v1, https://goo.gl/fbAQLP

exports[`Button component has proper snapshot 1`] = `
<button
  className="sc-bdnxRM hNJinF"
  disabled={false}
  onClick={[Function]}
  style={Object {}}
>
  <span
    style={Object {}}
  >
    Hola
  </span>
</button>
`;
